// Jest Snapshot v1, https://goo.gl/fbAQLP

exports[`Header component renders header correctly 1`] = `
<Header__HeaderWrapper>
  <Header__Logo>
    Movie App
  </Header__Logo>
  <Header__Nav>
    <Header__NavItem
      href=""
    >
      Movies
    </Header__NavItem>
    <Header__NavItem
      href=""
    >
      Shows
    </Header__NavItem>
  </Header__Nav>
</Header__HeaderWrapper>
`;
