// Jest Snapshot v1, https://goo.gl/fbAQLP

exports[`Moviepage component renders the moviepage correctly 1`] = `
<MoviePage__MoviePageWrapper
  backdropFullPath="https://image.tmdb.org/t/p/w1400_and_h450_faceundefined"
>
  <MoviePage__MoviePageImage>
    <img
      alt="movie"
      src="http://image.tmdb.org/t/p/w342undefined"
    />
  </MoviePage__MoviePageImage>
  <MoviePage__MoviePageContent>
    <MoviePage__MovieTitleWrapper>
      <MoviePage__MovieTitle />
      <MoviePage__ReleaseDate>
        (undefined)
      </MoviePage__ReleaseDate>
    </MoviePage__MovieTitleWrapper>
    <MoviePage__MovieTagline />
    <MovieRating />
    <p />
  </MoviePage__MoviePageContent>
</MoviePage__MoviePageWrapper>
`;
